
-> running reinstall

>> written 1 file:

    - q/Q.d.ts
