{
  "version": "v4",
  "repo": "DefinitelyTyped/DefinitelyTyped",
  "ref": "master",
  "path": "../tsdDIR",
  "bundle": "../typ/tsd.d.ts",
  "installed": {
    "node/node.d.ts": {
      "commit": "d2bab5738b84b91d8ee18a68c7b379a9714cf82f"
    }
  }
}
