
-> running reinstall

>> written 1 file:

    - node/node.d.ts
