
-> running reinstall

>> written 1 file:

    - qunit/qunit.d.ts
